\BOOKMARK [1][-]{section.1}{\376\377\117\134\124\301\151\202\217\360}{}% 1
\BOOKMARK [1][-]{section.2}{\376\377\225\356\230\230\122\006\147\220}{}% 2
\BOOKMARK [2][-]{subsection.2.1}{\376\377\225\356\230\230\147\145\156\220}{section.2}% 3
\BOOKMARK [2][-]{subsection.2.2}{\376\377\163\260\147\011\211\343\121\263\145\271\150\110}{section.2}% 4
\BOOKMARK [2][-]{subsection.2.3}{\376\377\147\054\117\134\124\301\211\201\211\343\121\263\166\204\165\333\160\271\225\356\230\230}{section.2}% 5
\BOOKMARK [1][-]{section.3}{\376\377\142\200\147\057\145\271\150\110}{}% 6
\BOOKMARK [2][-]{subsection.3.1}{\376\377\140\073\117\123\142\200\147\057\215\357\176\277}{section.3}% 7
\BOOKMARK [2][-]{subsection.3.2}{\376\377\130\236\122\240\000\040\000P\0002\000\040\232\330\122\006\217\250\163\207\150\300\155\113\134\102}{section.3}% 8
\BOOKMARK [2][-]{subsection.3.3}{\376\377\232\330\145\110\220\032\220\123\154\350\141\017\122\233\377\010\000E\000C\000A\377\011}{section.3}% 9
\BOOKMARK [2][-]{subsection.3.4}{\376\377\000C\000o\000p\000y\000-\000P\000a\000s\000t\000e\000\040\145\160\143\156\130\236\137\072}{section.3}% 10
\BOOKMARK [2][-]{subsection.3.5}{\376\377\000S\000o\000f\000t\000-\000N\000M\000S\000\040\124\016\131\004\164\006}{section.3}% 11
\BOOKMARK [1][-]{section.4}{\376\377\174\373\176\337\133\236\163\260}{}% 12
\BOOKMARK [2][-]{subsection.4.1}{\376\377\145\160\143\156\226\306}{section.4}% 13
\BOOKMARK [2][-]{subsection.4.2}{\376\377\133\236\232\214\163\257\130\203}{section.4}% 14
\BOOKMARK [2][-]{subsection.4.3}{\376\377\213\255\176\303\173\126\165\145}{section.4}% 15
\BOOKMARK [2][-]{subsection.4.4}{\376\377\155\210\207\215\133\236\232\214\213\276\213\241}{section.4}% 16
\BOOKMARK [2][-]{subsection.4.5}{\376\377\174\373\176\337\122\237\200\375\152\041\127\127}{section.4}% 17
\BOOKMARK [1][-]{section.5}{\376\377\155\113\213\325\122\006\147\220}{}% 18
\BOOKMARK [2][-]{subsection.5.1}{\376\377\000S\000t\000a\000g\000e\000\040\0001\377\032\127\372\176\277\152\041\127\213}{section.5}% 19
\BOOKMARK [2][-]{subsection.5.2}{\376\377\000S\000t\000a\000g\000e\000\040\0002\377\032\000P\0002\000\040\150\300\155\113\134\102}{section.5}% 20
\BOOKMARK [2][-]{subsection.5.3}{\376\377\155\210\207\215\133\236\232\214\154\107\140\073}{section.5}% 21
\BOOKMARK [1][-]{section.6}{\376\377\117\134\124\301\140\073\176\323}{}% 22
\BOOKMARK [2][-]{subsection.6.1}{\376\377\117\134\124\301\162\171\202\162\116\016\122\033\145\260\160\271}{section.6}% 23
\BOOKMARK [2][-]{subsection.6.2}{\376\377\136\224\165\050\143\250\136\177}{section.6}% 24
\BOOKMARK [2][-]{subsection.6.3}{\376\377\117\134\124\301\134\125\147\033}{section.6}% 25
